../LWIP/Target/ethernetif.c:169:13:low_level_init	24	static
../LWIP/Target/ethernetif.c:273:14:low_level_output	80	static
../LWIP/Target/ethernetif.c:320:22:low_level_input	24	static
../LWIP/Target/ethernetif.c:341:6:ethernetif_input	24	static
../LWIP/Target/ethernetif.c:391:7:ethernetif_init	16	static
../LWIP/Target/ethernetif.c:442:6:pbuf_free_custom	24	static
../LWIP/Target/ethernetif.c:464:7:sys_now	8	static
../LWIP/Target/ethernetif.c:477:6:HAL_ETH_MspInit	72	static
../LWIP/Target/ethernetif.c:576:6:HAL_ETH_MspDeInit	16	static
../LWIP/Target/ethernetif.c:633:9:ETH_PHY_IO_Init	8	static
../LWIP/Target/ethernetif.c:650:9:ETH_PHY_IO_DeInit	4	static
../LWIP/Target/ethernetif.c:662:9:ETH_PHY_IO_ReadReg	24	static
../LWIP/Target/ethernetif.c:679:9:ETH_PHY_IO_WriteReg	24	static
../LWIP/Target/ethernetif.c:693:9:ETH_PHY_IO_GetTick	8	static
../LWIP/Target/ethernetif.c:702:6:ethernet_link_check_state	136	static
../LWIP/Target/ethernetif.c:759:6:HAL_ETH_RxAllocateCallback	32	static
../LWIP/Target/ethernetif.c:781:6:HAL_ETH_RxLinkCallback	56	static,ignoring_inline_asm
../LWIP/Target/ethernetif.c:821:6:HAL_ETH_TxFreeCallback	16	static
